// Jest Snapshot v1, https://goo.gl/fbAQLP

exports[`middlewares/gqlErrors should display graphql errors 1`] = `
"[RELAY-NETWORK] GRAPHQL SERVER ERROR:

%cError: Wow!
%c    at resolve (/Volumes/npm_ram_disk/build/development/webpack:/src/schema/cabinet/cabinet.js:492:1)
    at resolveFieldValueOrError (/Volumes/npm_ram_disk/node_modules/graphql/execution/execute.js:498:12)
    at resolveField (/Volumes/npm_ram_disk/node_modules/graphql/execution/execute.js:462:16)
    at /Volumes/npm_ram_disk/node_modules/graphql/execution/execute.js:311:18
    at Array.reduce (<anonymous>)
    at executeFields (/Volumes/npm_ram_disk/node_modules/graphql/execution/execute.js:308:42)
    at collectAndExecuteSubfields (/Volumes/npm_ram_disk/node_modules/graphql/execution/execute.js:746:10)
    at completeObjectValue (/Volumes/npm_ram_disk/node_modules/graphql/execution/execute.js:728:10)
    at completeValue (/Volumes/npm_ram_disk/node_modules/graphql/execution/execute.js:625:12)
    at /Volumes/npm_ram_disk/node_modules/graphql/execution/execute.js:582:14
    at <anonymous>
    at process._tickDomainCallback (internal/process/next_tick.js:228:7)

%cRequest Response data:
  %c%O

"
`;
