// Jest Snapshot v1, https://goo.gl/fbAQLP

exports[`middlewares/logger measure request time for request 1`] = `
Array [
  Array [
    "Run MyRequest",
    RelayRequest {
      "cacheConfig": Object {},
      "fetchOpts": Object {
        "body": "{\\"id\\":\\"MyRequest\\",\\"query\\":\\"\\",\\"variables\\":{}}",
        "headers": Object {},
        "method": "POST",
      },
      "id": "MyRequest",
      "operation": Object {
        "id": "MyRequest",
        "text": "",
      },
      "uploadables": undefined,
      "variables": Object {},
    },
  ],
  Array [
    "Done MyRequest in XXXms",
    Object {
      "query": "",
      "req": RelayRequest {
        "cacheConfig": Object {},
        "fetchOpts": Object {
          "body": "{\\"id\\":\\"MyRequest\\",\\"query\\":\\"\\",\\"variables\\":{}}",
          "headers": Object {},
          "method": "POST",
        },
        "id": "MyRequest",
        "operation": Object {
          "id": "MyRequest",
          "text": "",
        },
        "uploadables": undefined,
        "variables": Object {},
      },
      "res": RelayResponse {
        "_res": Body {
          "_abort": false,
          "_bytes": 18,
          "_raw": Array [
            Object {
              "data": Array [
                123,
                34,
                100,
                97,
                116,
                97,
                34,
                58,
                34,
                80,
                65,
                89,
                76,
                79,
                65,
                68,
                34,
                125,
              ],
              "type": "Buffer",
            },
          ],
          "body": Readable {
            "_events": Object {
              "data": [Function],
              "end": [Function],
              "error": [Function],
            },
            "_eventsCount": 3,
            "_maxListeners": undefined,
            "_readableState": ReadableState {
              "awaitDrain": 0,
              "buffer": BufferList {
                "head": null,
                "length": 0,
                "tail": null,
              },
              "decoder": null,
              "defaultEncoding": "utf8",
              "destroyed": false,
              "emittedReadable": false,
              "encoding": null,
              "endEmitted": true,
              "ended": true,
              "flowing": true,
              "highWaterMark": 16384,
              "length": 0,
              "needReadable": false,
              "objectMode": false,
              "pipes": null,
              "pipesCount": 0,
              "readableListening": false,
              "reading": false,
              "readingMore": false,
              "resumeScheduled": false,
              "sync": true,
            },
            "domain": null,
            "readable": false,
          },
          "bodyUsed": true,
          "headers": Headers {
            "_headers": Object {},
          },
          "ok": true,
          "size": 0,
          "status": 200,
          "statusText": "OK",
          "timeout": 0,
          "url": "/graphql",
        },
        "data": "PAYLOAD",
        "headers": Headers {
          "_headers": Object {},
        },
        "json": Object {
          "data": "PAYLOAD",
        },
        "ok": true,
        "status": 200,
        "url": "/graphql",
      },
      "variables": Object {},
    },
  ],
]
`;
