// Jest Snapshot v1, https://goo.gl/fbAQLP

exports[`middlewares/logger measure request time for request 1`] = `
[
  [
    "Run MyRequest",
    RelayRequest {
      "cacheConfig": {},
      "controller": AbortController {
        Symbol(SameObject caches): {
          "signal": AbortSignal {},
        },
      },
      "fetchOpts": {
        "body": "{"id":"MyRequest","query":"","variables":{}}",
        "headers": {
          "Accept": "*/*",
          "Content-Type": "application/json",
        },
        "method": "POST",
        "signal": AbortSignal {},
      },
      "id": "MyRequest",
      "operation": {
        "id": "MyRequest",
        "operationKind": "query",
        "text": "",
      },
      "uploadables": undefined,
      "variables": {},
    },
  ],
  [
    "Done MyRequest in XXXms",
    {
      "query": "",
      "req": "RelayRequest object",
      "res": "RelayResponse object",
      "variables": {},
    },
  ],
]
`;
