// Jest Snapshot v1, https://goo.gl/fbAQLP

exports[`middlewares/perf measure request time for request 1`] = `
RelayRequest {
  "cacheConfig": Object {},
  "fetchOpts": Object {
    "body": "{\\"id\\":\\"MyRequest\\",\\"query\\":\\"\\",\\"variables\\":{}}",
    "headers": Object {},
    "method": "POST",
  },
  "id": "MyRequest",
  "operation": Object {
    "id": "MyRequest",
    "text": "",
  },
  "uploadables": undefined,
  "variables": Object {},
}
`;
