// Jest Snapshot v1, https://goo.gl/fbAQLP

exports[`middlewares/perf measure request time for request 1`] = `
RelayRequest {
  "cacheConfig": Object {},
  "controller": AbortController {
    Symbol(SameObject caches): Object {
      "signal": AbortSignal {},
    },
  },
  "fetchOpts": Object {
    "body": "{\\"id\\":\\"MyRequest\\",\\"query\\":\\"\\",\\"variables\\":{}}",
    "headers": Object {
      "Accept": "*/*",
      "Content-Type": "application/json",
    },
    "method": "POST",
    "signal": AbortSignal {},
  },
  "id": "MyRequest",
  "operation": Object {
    "id": "MyRequest",
    "operationKind": "query",
    "text": "",
  },
  "uploadables": undefined,
  "variables": Object {},
}
`;
