// Jest Snapshot v1, https://goo.gl/fbAQLP

exports[`middlewares/retry middleware should make retries 1`] = `
[
  [
    "/graphql",
    {
      "body": "{"id":"1","query":"","variables":{}}",
      "headers": {
        "Accept": "*/*",
        "Content-Type": "application/json",
      },
      "method": "POST",
      "signal": AbortSignal {},
    },
  ],
  [
    "/graphql",
    {
      "body": "{"id":"1","query":"","variables":{}}",
      "headers": {
        "Accept": "*/*",
        "Content-Type": "application/json",
      },
      "method": "POST",
      "signal": AbortSignal {},
    },
  ],
  [
    "/graphql",
    {
      "body": "{"id":"1","query":"","variables":{}}",
      "headers": {
        "Accept": "*/*",
        "Content-Type": "application/json",
      },
      "method": "POST",
      "signal": AbortSignal {},
    },
  ],
]
`;

exports[`middlewares/retry middleware should retry request on timeout 1`] = `
[
  [
    "/graphql",
    {
      "body": "{"id":"1","query":"","variables":{}}",
      "headers": {
        "Accept": "*/*",
        "Content-Type": "application/json",
      },
      "method": "POST",
      "signal": AbortSignal {},
    },
  ],
  [
    "/graphql",
    {
      "body": "{"id":"1","query":"","variables":{}}",
      "headers": {
        "Accept": "*/*",
        "Content-Type": "application/json",
      },
      "method": "POST",
      "signal": AbortSignal {},
    },
  ],
  [
    "/graphql",
    {
      "body": "{"id":"1","query":"","variables":{}}",
      "headers": {
        "Accept": "*/*",
        "Content-Type": "application/json",
      },
      "method": "POST",
      "signal": AbortSignal {},
    },
  ],
]
`;
